
Discarded input sections

 .data          0x00000000        0x0 main.o
 .bss           0x00000000        0x0 main.o

Memory Configuration

Name             Origin             Length             Attributes
VECTORS          0x00000000         0x00000020         x
FLASH            0x00000020         0x003fffe0         xr
SRAM             0x08000000         0x00080000         rw
*default*        0x00000000         0xffffffff

Linker script and memory map

LOAD main.o
LOAD /usr/lib/gcc/arm-none-eabi/14.2.1/../../../arm-none-eabi/lib/thumb/v7/nofp/libc.a
LOAD /usr/lib/gcc/arm-none-eabi/14.2.1/thumb/v7/nofp/libgcc.a
START GROUP
LOAD /usr/lib/gcc/arm-none-eabi/14.2.1/thumb/v7/nofp/libgcc.a
LOAD /usr/lib/gcc/arm-none-eabi/14.2.1/../../../arm-none-eabi/lib/thumb/v7/nofp/libc.a
END GROUP

.intvecs        0x00000000       0x12
 *(.intvecs)
 .intvecs       0x00000000       0x12 main.o
                0x00000000                rst_vector

.text           0x00000020       0x72
 *(.text*)
 .text          0x00000020       0x72 main.o
                0x00000020                delay
                0x00000044                main
                0x00000086                _start
 *(.rodata*)

.glue_7         0x00000094        0x0
 .glue_7        0x00000094        0x0 linker stubs

.glue_7t        0x00000094        0x0
 .glue_7t       0x00000094        0x0 linker stubs

.vfp11_veneer   0x00000094        0x0
 .vfp11_veneer  0x00000094        0x0 linker stubs

.v4_bx          0x00000094        0x0
 .v4_bx         0x00000094        0x0 linker stubs

.iplt           0x00000094        0x0
 .iplt          0x00000094        0x0 main.o

.rel.dyn        0x00000094        0x0
 .rel.iplt      0x00000094        0x0 main.o

.data           0x08000000        0x0 load address 0x00000092
                0x08000000                        _sdata = .
 *(.data*)
                0x08000000                        _edata = .

.igot.plt       0x08000000        0x0 load address 0x00000092
 .igot.plt      0x08000000        0x0 main.o

.bss            0x08000000        0x0 load address 0x00000092
                0x08000000                        _sbss = .
 *(.bss*)
 *(COMMON)
                0x08000000                        _ebss = .
                0x08080000                        _stack_top = (ORIGIN (SRAM) + LENGTH (SRAM))
OUTPUT(project.out elf32-bigarm)
LOAD linker stubs

.debug_info     0x00000000       0xd5
 .debug_info    0x00000000       0xd5 main.o

.debug_abbrev   0x00000000       0xae
 .debug_abbrev  0x00000000       0xae main.o

.debug_aranges  0x00000000       0x28
 .debug_aranges
                0x00000000       0x28 main.o

.debug_rnglists
                0x00000000       0x19
 .debug_rnglists
                0x00000000       0x19 main.o

.debug_line     0x00000000       0xc0
 .debug_line    0x00000000       0xc0 main.o

.debug_str      0x00000000      0x12e
 .debug_str     0x00000000      0x12e main.o
                                0x162 (size before relaxing)

.comment        0x00000000       0x26
 .comment       0x00000000       0x26 main.o
                                 0x27 (size before relaxing)

.ARM.attributes
                0x00000000       0x35
 .ARM.attributes
                0x00000000       0x35 main.o

.debug_frame    0x00000000       0x90
 .debug_frame   0x00000000       0x90 main.o
